mvn : WARNING: A restricted method 
in java.lang.System has been called
At line:1 char:1
+ mvn compile > compile_output.txt 
2>&1; Get-Content compile_output.txt 
...
+ 
~~~~~~~~~~~~~~~~~~~~~~~~~~~~~~~~~~~~~
    + CategoryInfo          : NotSpe 
   cified: (WARNING: A rest...has b  
  een called:String) [], RemoteExc   
 eption
    + FullyQualifiedErrorId : Native 
   CommandError
 
WARNING: java.lang.System::load has 
been called by org.fusesource.jansi.i
nternal.JansiLoader in an unnamed 
module (file:/C:/tools/maven/lib/jans
i-2.4.0.jar)
WARNING: Use 
--enable-native-access=ALL-UNNAMED 
to avoid a warning for callers in 
this module
WARNING: Restricted methods will be 
blocked in a future release unless 
native access is enabled

WARNING: A terminally deprecated 
method in sun.misc.Unsafe has been 
called
WARNING: 
sun.misc.Unsafe::objectFieldOffset 
has been called by com.google.common.
util.concurrent.AbstractFuture$Unsafe
AtomicHelper (file:/C:/tools/maven/li
b/guava-32.0.1-jre.jar)
WARNING: Please consider reporting 
this to the maintainers of class com.
google.common.util.concurrent.Abstrac
tFuture$UnsafeAtomicHelper
WARNING: 
sun.misc.Unsafe::objectFieldOffset 
will be removed in a future release
[INFO] Scanning for projects...
[INFO] 
[INFO] -------------------< com.wholesale:wholesale-system >-------------------
[INFO] Building Smart Inventory Management System 1.0.0
[INFO]   from pom.xml
[INFO] --------------------------------[ jar ]---------------------------------
[INFO] 
[INFO] --- resources:3.3.1:resources (default-resources) @ wholesale-system ---
[INFO] Copying 1 resource from src\main\resources to target\classes
[INFO] Copying 2 resources from src\main\resources to target\classes
[INFO] 
[INFO] --- compiler:3.11.0:compile (default-compile) @ wholesale-system ---
[INFO] Nothing to compile - all classes are up to date
[INFO] ------------------------------------------------------------------------
[INFO] BUILD SUCCESS
[INFO] ------------------------------------------------------------------------
[INFO] Total time:  1.831 s
[INFO] Finished at: 2026-03-21T17:57:00+05:30
[INFO] ------------------------------------------------------------------------
